// Jest Snapshot v1, https://goo.gl/fbAQLP

exports[`build: bundle 1`] = `
"/******/ (function(modules) { // webpackBootstrap
/******/ 	// The module cache
/******/ 	var installedModules = {};
/******/
/******/ 	// The require function
/******/ 	function __webpack_require__(moduleId) {
/******/
/******/ 		// Check if module is in cache
/******/ 		if(installedModules[moduleId]) {
/******/ 			return installedModules[moduleId].exports;
/******/ 		}
/******/ 		// Create a new module (and put it into the cache)
/******/ 		var module = installedModules[moduleId] = {
/******/ 			i: moduleId,
/******/ 			l: false,
/******/ 			exports: {}
/******/ 		};
/******/
/******/ 		// Execute the module function
/******/ 		modules[moduleId].call(module.exports, module, module.exports, __webpack_require__);
/******/
/******/ 		// Flag the module as loaded
/******/ 		module.l = true;
/******/
/******/ 		// Return the exports of the module
/******/ 		return module.exports;
/******/ 	}
/******/
/******/
/******/ 	// expose the modules object (__webpack_modules__)
/******/ 	__webpack_require__.m = modules;
/******/
/******/ 	// expose the module cache
/******/ 	__webpack_require__.c = installedModules;
/******/
/******/ 	// define getter function for harmony exports
/******/ 	__webpack_require__.d = function(exports, name, getter) {
/******/ 		if(!__webpack_require__.o(exports, name)) {
/******/ 			Object.defineProperty(exports, name, { enumerable: true, get: getter });
/******/ 		}
/******/ 	};
/******/
/******/ 	// define __esModule on exports
/******/ 	__webpack_require__.r = function(exports) {
/******/ 		if(typeof Symbol !== 'undefined' && Symbol.toStringTag) {
/******/ 			Object.defineProperty(exports, Symbol.toStringTag, { value: 'Module' });
/******/ 		}
/******/ 		Object.defineProperty(exports, '__esModule', { value: true });
/******/ 	};
/******/
/******/ 	// create a fake namespace object
/******/ 	// mode & 1: value is a module id, require it
/******/ 	// mode & 2: merge all properties of value into the ns
/******/ 	// mode & 4: return value when already ns object
/******/ 	// mode & 8|1: behave like require
/******/ 	__webpack_require__.t = function(value, mode) {
/******/ 		if(mode & 1) value = __webpack_require__(value);
/******/ 		if(mode & 8) return value;
/******/ 		if((mode & 4) && typeof value === 'object' && value && value.__esModule) return value;
/******/ 		var ns = Object.create(null);
/******/ 		__webpack_require__.r(ns);
/******/ 		Object.defineProperty(ns, 'default', { enumerable: true, value: value });
/******/ 		if(mode & 2 && typeof value != 'string') for(var key in value) __webpack_require__.d(ns, key, function(key) { return value[key]; }.bind(null, key));
/******/ 		return ns;
/******/ 	};
/******/
/******/ 	// getDefaultExport function for compatibility with non-harmony modules
/******/ 	__webpack_require__.n = function(module) {
/******/ 		var getter = module && module.__esModule ?
/******/ 			function getDefault() { return module['default']; } :
/******/ 			function getModuleExports() { return module; };
/******/ 		__webpack_require__.d(getter, 'a', getter);
/******/ 		return getter;
/******/ 	};
/******/
/******/ 	// Object.prototype.hasOwnProperty.call
/******/ 	__webpack_require__.o = function(object, property) { return Object.prototype.hasOwnProperty.call(object, property); };
/******/
/******/ 	// __webpack_public_path__
/******/ 	__webpack_require__.p = \\"\\";
/******/
/******/
/******/ 	// Load entry module and return exports
/******/ 	return __webpack_require__(__webpack_require__.s = \\"./a.ts\\");
/******/ })
/************************************************************************/
/******/ ({

/***/ \\"./a.ts\\":
/*!**************!*\\\\
  !*** ./a.ts ***!
  \\\\**************/
/*! no static exports found */
/***/ (function(module, exports) {

var _typeof = typeof Symbol === \\"function\\" && typeof Symbol.iterator === \\"symbol\\" ? function (obj) { return typeof obj; } : function (obj) { return obj && typeof Symbol === \\"function\\" && obj.constructor === Symbol && obj !== Symbol.prototype ? \\"symbol\\" : typeof obj; };

function _classCallCheck(instance, Constructor) { if (!(instance instanceof Constructor)) { throw new TypeError(\\"Cannot call a class as a function\\"); } }

var __decorate = this && this.__decorate || function (decorators, target, key, desc) {
    var c = arguments.length,
        r = c < 3 ? target : desc === null ? desc = Object.getOwnPropertyDescriptor(target, key) : desc,
        d;
    if ((typeof Reflect === \\"undefined\\" ? \\"undefined\\" : _typeof(Reflect)) === \\"object\\" && typeof Reflect.decorate === \\"function\\") r = Reflect.decorate(decorators, target, key, desc);else for (var i = decorators.length - 1; i >= 0; i--) {
        if (d = decorators[i]) r = (c < 3 ? d(r) : c > 3 ? d(target, key, r) : d(target, key)) || r;
    }return c > 3 && r && Object.defineProperty(target, key, r), r;
};
function bar(target) {
    return target;
}
var Foo = /** @class */function () {
    var Foo = function Foo() {
        _classCallCheck(this, Foo);
    };
    Foo = __decorate([bar], Foo);
    return Foo;
}();

/***/ })

/******/ });
//# sourceMappingURL=bundle.js.map"
`;

exports[`build: source map 1`] = `
Object {
  "file": "bundle.js",
  "mappings": ";QAAA;QACA;;QAEA;QACA;;QAEA;QACA;QACA;QACA;QACA;QACA;QACA;QACA;QACA;QACA;;QAEA;QACA;;QAEA;QACA;;QAEA;QACA;QACA;;;QAGA;QACA;;QAEA;QACA;;QAEA;QACA;QACA;QACA,0CAA0C,gCAAgC;QAC1E;QACA;;QAEA;QACA;QACA;QACA,wDAAwD,kBAAkB;QAC1E;QACA,iDAAiD,cAAc;QAC/D;;QAEA;QACA;QACA;QACA;QACA;QACA;QACA;QACA;QACA;QACA;QACA;QACA,yCAAyC,iCAAiC;QAC1E,gHAAgH,mBAAmB,EAAE;QACrI;QACA;;QAEA;QACA;QACA;QACA,2BAA2B,0BAA0B,EAAE;QACvD,iCAAiC,eAAe;QAChD;QACA;QACA;;QAEA;QACA,sDAAsD,+DAA+D;;QAErH;QACA;;;QAGA;QACA;;;;;;;;;;;;;;;;;;;;;;;;ACjFA,SAAY,IAAY;AACpB,WACJ;AAAC;AAGD;AAAA;AAEC;;AAFQ,sBADL,MAGH;AAAD,WAAC;AAAA,I",
  "names": Array [],
  "sourceRoot": "",
  "sources": Array [
    "webpack:///webpack/bootstrap",
    "webpack:///./a.ts",
  ],
  "sourcesContent": Array [
    " 	// The module cache
 	var installedModules = {};

 	// The require function
 	function __webpack_require__(moduleId) {

 		// Check if module is in cache
 		if(installedModules[moduleId]) {
 			return installedModules[moduleId].exports;
 		}
 		// Create a new module (and put it into the cache)
 		var module = installedModules[moduleId] = {
 			i: moduleId,
 			l: false,
 			exports: {}
 		};

 		// Execute the module function
 		modules[moduleId].call(module.exports, module, module.exports, __webpack_require__);

 		// Flag the module as loaded
 		module.l = true;

 		// Return the exports of the module
 		return module.exports;
 	}


 	// expose the modules object (__webpack_modules__)
 	__webpack_require__.m = modules;

 	// expose the module cache
 	__webpack_require__.c = installedModules;

 	// define getter function for harmony exports
 	__webpack_require__.d = function(exports, name, getter) {
 		if(!__webpack_require__.o(exports, name)) {
 			Object.defineProperty(exports, name, { enumerable: true, get: getter });
 		}
 	};

 	// define __esModule on exports
 	__webpack_require__.r = function(exports) {
 		if(typeof Symbol !== 'undefined' && Symbol.toStringTag) {
 			Object.defineProperty(exports, Symbol.toStringTag, { value: 'Module' });
 		}
 		Object.defineProperty(exports, '__esModule', { value: true });
 	};

 	// create a fake namespace object
 	// mode & 1: value is a module id, require it
 	// mode & 2: merge all properties of value into the ns
 	// mode & 4: return value when already ns object
 	// mode & 8|1: behave like require
 	__webpack_require__.t = function(value, mode) {
 		if(mode & 1) value = __webpack_require__(value);
 		if(mode & 8) return value;
 		if((mode & 4) && typeof value === 'object' && value && value.__esModule) return value;
 		var ns = Object.create(null);
 		__webpack_require__.r(ns);
 		Object.defineProperty(ns, 'default', { enumerable: true, value: value });
 		if(mode & 2 && typeof value != 'string') for(var key in value) __webpack_require__.d(ns, key, function(key) { return value[key]; }.bind(null, key));
 		return ns;
 	};

 	// getDefaultExport function for compatibility with non-harmony modules
 	__webpack_require__.n = function(module) {
 		var getter = module && module.__esModule ?
 			function getDefault() { return module['default']; } :
 			function getModuleExports() { return module; };
 		__webpack_require__.d(getter, 'a', getter);
 		return getter;
 	};

 	// Object.prototype.hasOwnProperty.call
 	__webpack_require__.o = function(object, property) { return Object.prototype.hasOwnProperty.call(object, property); };

 	// __webpack_public_path__
 	__webpack_require__.p = \\"\\";


 	// Load entry module and return exports
 	return __webpack_require__(__webpack_require__.s = \\"./a.ts\\");
",
    "
function bar(target: any) {
    return target;
}

@bar
class Foo {
    
}",
  ],
  "version": 3,
}
`;

exports[`build: stats 1`] = `
"    Asset   Size  Chunks             Chunk Names
    bundle.js <size>    main  [emitted]        main
bundle.js.map <size>    main  [emitted] [dev]  main
Entrypoint main = bundle.js bundle.js.map
[./a.ts] <size> {main} [built]"
`;

exports[`transpile only: bundle 1`] = `
"/******/ (function(modules) { // webpackBootstrap
/******/ 	// The module cache
/******/ 	var installedModules = {};
/******/
/******/ 	// The require function
/******/ 	function __webpack_require__(moduleId) {
/******/
/******/ 		// Check if module is in cache
/******/ 		if(installedModules[moduleId]) {
/******/ 			return installedModules[moduleId].exports;
/******/ 		}
/******/ 		// Create a new module (and put it into the cache)
/******/ 		var module = installedModules[moduleId] = {
/******/ 			i: moduleId,
/******/ 			l: false,
/******/ 			exports: {}
/******/ 		};
/******/
/******/ 		// Execute the module function
/******/ 		modules[moduleId].call(module.exports, module, module.exports, __webpack_require__);
/******/
/******/ 		// Flag the module as loaded
/******/ 		module.l = true;
/******/
/******/ 		// Return the exports of the module
/******/ 		return module.exports;
/******/ 	}
/******/
/******/
/******/ 	// expose the modules object (__webpack_modules__)
/******/ 	__webpack_require__.m = modules;
/******/
/******/ 	// expose the module cache
/******/ 	__webpack_require__.c = installedModules;
/******/
/******/ 	// define getter function for harmony exports
/******/ 	__webpack_require__.d = function(exports, name, getter) {
/******/ 		if(!__webpack_require__.o(exports, name)) {
/******/ 			Object.defineProperty(exports, name, { enumerable: true, get: getter });
/******/ 		}
/******/ 	};
/******/
/******/ 	// define __esModule on exports
/******/ 	__webpack_require__.r = function(exports) {
/******/ 		if(typeof Symbol !== 'undefined' && Symbol.toStringTag) {
/******/ 			Object.defineProperty(exports, Symbol.toStringTag, { value: 'Module' });
/******/ 		}
/******/ 		Object.defineProperty(exports, '__esModule', { value: true });
/******/ 	};
/******/
/******/ 	// create a fake namespace object
/******/ 	// mode & 1: value is a module id, require it
/******/ 	// mode & 2: merge all properties of value into the ns
/******/ 	// mode & 4: return value when already ns object
/******/ 	// mode & 8|1: behave like require
/******/ 	__webpack_require__.t = function(value, mode) {
/******/ 		if(mode & 1) value = __webpack_require__(value);
/******/ 		if(mode & 8) return value;
/******/ 		if((mode & 4) && typeof value === 'object' && value && value.__esModule) return value;
/******/ 		var ns = Object.create(null);
/******/ 		__webpack_require__.r(ns);
/******/ 		Object.defineProperty(ns, 'default', { enumerable: true, value: value });
/******/ 		if(mode & 2 && typeof value != 'string') for(var key in value) __webpack_require__.d(ns, key, function(key) { return value[key]; }.bind(null, key));
/******/ 		return ns;
/******/ 	};
/******/
/******/ 	// getDefaultExport function for compatibility with non-harmony modules
/******/ 	__webpack_require__.n = function(module) {
/******/ 		var getter = module && module.__esModule ?
/******/ 			function getDefault() { return module['default']; } :
/******/ 			function getModuleExports() { return module; };
/******/ 		__webpack_require__.d(getter, 'a', getter);
/******/ 		return getter;
/******/ 	};
/******/
/******/ 	// Object.prototype.hasOwnProperty.call
/******/ 	__webpack_require__.o = function(object, property) { return Object.prototype.hasOwnProperty.call(object, property); };
/******/
/******/ 	// __webpack_public_path__
/******/ 	__webpack_require__.p = \\"\\";
/******/
/******/
/******/ 	// Load entry module and return exports
/******/ 	return __webpack_require__(__webpack_require__.s = \\"./a.ts\\");
/******/ })
/************************************************************************/
/******/ ({

/***/ \\"./a.ts\\":
/*!**************!*\\\\
  !*** ./a.ts ***!
  \\\\**************/
/*! no static exports found */
/***/ (function(module, exports) {

var _typeof = typeof Symbol === \\"function\\" && typeof Symbol.iterator === \\"symbol\\" ? function (obj) { return typeof obj; } : function (obj) { return obj && typeof Symbol === \\"function\\" && obj.constructor === Symbol && obj !== Symbol.prototype ? \\"symbol\\" : typeof obj; };

function _classCallCheck(instance, Constructor) { if (!(instance instanceof Constructor)) { throw new TypeError(\\"Cannot call a class as a function\\"); } }

var __decorate = this && this.__decorate || function (decorators, target, key, desc) {
    var c = arguments.length,
        r = c < 3 ? target : desc === null ? desc = Object.getOwnPropertyDescriptor(target, key) : desc,
        d;
    if ((typeof Reflect === \\"undefined\\" ? \\"undefined\\" : _typeof(Reflect)) === \\"object\\" && typeof Reflect.decorate === \\"function\\") r = Reflect.decorate(decorators, target, key, desc);else for (var i = decorators.length - 1; i >= 0; i--) {
        if (d = decorators[i]) r = (c < 3 ? d(r) : c > 3 ? d(target, key, r) : d(target, key)) || r;
    }return c > 3 && r && Object.defineProperty(target, key, r), r;
};
function bar(target) {
    return target;
}
var Foo = /** @class */function () {
    var Foo = function Foo() {
        _classCallCheck(this, Foo);
    };
    Foo = __decorate([bar], Foo);
    return Foo;
}();

/***/ })

/******/ });
//# sourceMappingURL=bundle.js.map"
`;

exports[`transpile only: source map 1`] = `
Object {
  "file": "bundle.js",
  "mappings": ";QAAA;QACA;;QAEA;QACA;;QAEA;QACA;QACA;QACA;QACA;QACA;QACA;QACA;QACA;QACA;;QAEA;QACA;;QAEA;QACA;;QAEA;QACA;QACA;;;QAGA;QACA;;QAEA;QACA;;QAEA;QACA;QACA;QACA,0CAA0C,gCAAgC;QAC1E;QACA;;QAEA;QACA;QACA;QACA,wDAAwD,kBAAkB;QAC1E;QACA,iDAAiD,cAAc;QAC/D;;QAEA;QACA;QACA;QACA;QACA;QACA;QACA;QACA;QACA;QACA;QACA;QACA,yCAAyC,iCAAiC;QAC1E,gHAAgH,mBAAmB,EAAE;QACrI;QACA;;QAEA;QACA;QACA;QACA,2BAA2B,0BAA0B,EAAE;QACvD,iCAAiC,eAAe;QAChD;QACA;QACA;;QAEA;QACA,sDAAsD,+DAA+D;;QAErH;QACA;;;QAGA;QACA;;;;;;;;;;;;;;;;;;;;;;;;ACjFA,SAAY,IAAY;AACpB,WACJ;AAAC;AAGD;AAAA;AAEC;;AAFQ,sBADL,MAGH;AAAD,WAAC;AAAA,I",
  "names": Array [],
  "sourceRoot": "",
  "sources": Array [
    "webpack:///webpack/bootstrap",
    "webpack:///./a.ts",
  ],
  "sourcesContent": Array [
    " 	// The module cache
 	var installedModules = {};

 	// The require function
 	function __webpack_require__(moduleId) {

 		// Check if module is in cache
 		if(installedModules[moduleId]) {
 			return installedModules[moduleId].exports;
 		}
 		// Create a new module (and put it into the cache)
 		var module = installedModules[moduleId] = {
 			i: moduleId,
 			l: false,
 			exports: {}
 		};

 		// Execute the module function
 		modules[moduleId].call(module.exports, module, module.exports, __webpack_require__);

 		// Flag the module as loaded
 		module.l = true;

 		// Return the exports of the module
 		return module.exports;
 	}


 	// expose the modules object (__webpack_modules__)
 	__webpack_require__.m = modules;

 	// expose the module cache
 	__webpack_require__.c = installedModules;

 	// define getter function for harmony exports
 	__webpack_require__.d = function(exports, name, getter) {
 		if(!__webpack_require__.o(exports, name)) {
 			Object.defineProperty(exports, name, { enumerable: true, get: getter });
 		}
 	};

 	// define __esModule on exports
 	__webpack_require__.r = function(exports) {
 		if(typeof Symbol !== 'undefined' && Symbol.toStringTag) {
 			Object.defineProperty(exports, Symbol.toStringTag, { value: 'Module' });
 		}
 		Object.defineProperty(exports, '__esModule', { value: true });
 	};

 	// create a fake namespace object
 	// mode & 1: value is a module id, require it
 	// mode & 2: merge all properties of value into the ns
 	// mode & 4: return value when already ns object
 	// mode & 8|1: behave like require
 	__webpack_require__.t = function(value, mode) {
 		if(mode & 1) value = __webpack_require__(value);
 		if(mode & 8) return value;
 		if((mode & 4) && typeof value === 'object' && value && value.__esModule) return value;
 		var ns = Object.create(null);
 		__webpack_require__.r(ns);
 		Object.defineProperty(ns, 'default', { enumerable: true, value: value });
 		if(mode & 2 && typeof value != 'string') for(var key in value) __webpack_require__.d(ns, key, function(key) { return value[key]; }.bind(null, key));
 		return ns;
 	};

 	// getDefaultExport function for compatibility with non-harmony modules
 	__webpack_require__.n = function(module) {
 		var getter = module && module.__esModule ?
 			function getDefault() { return module['default']; } :
 			function getModuleExports() { return module; };
 		__webpack_require__.d(getter, 'a', getter);
 		return getter;
 	};

 	// Object.prototype.hasOwnProperty.call
 	__webpack_require__.o = function(object, property) { return Object.prototype.hasOwnProperty.call(object, property); };

 	// __webpack_public_path__
 	__webpack_require__.p = \\"\\";


 	// Load entry module and return exports
 	return __webpack_require__(__webpack_require__.s = \\"./a.ts\\");
",
    "
function bar(target: any) {
    return target;
}

@bar
class Foo {
    
}",
  ],
  "version": 3,
}
`;

exports[`transpile only: stats 1`] = `
"    Asset   Size  Chunks             Chunk Names
    bundle.js <size>    main  [emitted]        main
bundle.js.map <size>    main  [emitted] [dev]  main
Entrypoint main = bundle.js bundle.js.map
[./a.ts] <size> {main} [built]"
`;
